2025-08-05T04:33:19.975Z [auth-service] INFO: 🚀 Initializing Auth Service...
2025-08-05T04:33:20.008Z [auth-service] INFO: 📦 Connecting to MongoDB...
2025-08-05T04:33:20.028Z [auth-service] INFO: MongoDB connection attempt 1/5
2025-08-05T04:33:20.637Z [auth-service] INFO: MongoDB connection established
2025-08-05T04:33:20.639Z [auth-service] INFO: ⚡ Connecting to Redis...
2025-08-05T04:33:20.824Z [auth-service] INFO: 🐰 Connecting to RabbitMQ...
2025-08-05T04:33:20.836Z [auth-service] INFO: 🔌 Attempting to connect to RabbitMQ... (attempt 1/5)
2025-08-05T04:33:21.137Z [auth-service] INFO: ✅ RabbitMQ connection and channel established
2025-08-05T04:33:21.139Z [auth-service] INFO: 📡 Setting up points event consumers...
2025-08-05T04:33:21.198Z [auth-service] INFO: ✅ Points event consumers setup complete
2025-08-05T04:33:21.209Z [auth-service] INFO: ✅ Auth Service fully operational on port 3001
2025-08-05T04:33:21.209Z [auth-service] INFO: 📊 Health check: http://localhost:3001/health
2025-08-05T04:43:16.109Z [auth-service] INFO: 🛑 SIGTERM received, shutting down gracefully
2025-08-05T04:43:16.292Z [auth-service] INFO: 🛑 SIGINT received, shutting down gracefully
2025-08-05T04:47:01.978Z [auth-service] INFO: 🚀 Initializing Auth Service...
2025-08-05T04:47:01.991Z [auth-service] INFO: 📦 Connecting to MongoDB...
2025-08-05T04:47:01.993Z [auth-service] INFO: MongoDB connection attempt 1/5
2025-08-05T04:47:03.013Z [auth-service] INFO: MongoDB connection established
2025-08-05T04:47:03.015Z [auth-service] INFO: ⚡ Connecting to Redis...
2025-08-05T04:47:03.241Z [auth-service] INFO: 🐰 Connecting to RabbitMQ...
2025-08-05T04:47:03.276Z [auth-service] INFO: 🔌 Attempting to connect to RabbitMQ... (attempt 1/5)
2025-08-05T04:47:03.907Z [auth-service] INFO: ✅ RabbitMQ connection and channel established
2025-08-05T04:47:03.913Z [auth-service] INFO: 📡 Setting up points event consumers...
2025-08-05T04:47:04.041Z [auth-service] INFO: ✅ Points event consumers setup complete
2025-08-05T04:47:04.053Z [auth-service] INFO: ✅ Auth Service fully operational on port 3001
2025-08-05T04:47:04.058Z [auth-service] INFO: 📊 Health check: http://localhost:3001/health
2025-08-05T06:21:40.884Z [auth-service] WARN: MongoDB disconnected
2025-08-05T06:21:42.623Z [auth-service] WARN: ❌ MongoDB disconnected - retrying in 5s
2025-08-05T06:21:47.705Z [auth-service] INFO: MongoDB connection attempt 1/5
2025-08-05T06:21:50.948Z [auth-service] INFO: MongoDB connection established
2025-08-05T08:06:01.519Z [auth-service] DEBUG: Event published to user_registered
2025-08-05T08:51:48.742Z [auth-service] INFO: 🚀 Initializing Auth Service...
2025-08-05T08:51:48.814Z [auth-service] INFO: 📦 Connecting to MongoDB...
2025-08-05T08:51:48.835Z [auth-service] INFO: MongoDB connection attempt 1/5
2025-08-05T08:51:49.754Z [auth-service] INFO: MongoDB connection established
2025-08-05T08:51:49.759Z [auth-service] INFO: ⚡ Connecting to Redis...
2025-08-05T08:51:49.959Z [auth-service] INFO: 🐰 Connecting to RabbitMQ...
2025-08-05T08:51:49.963Z [auth-service] INFO: 🔌 Attempting to connect to RabbitMQ... (attempt 1/5)
2025-08-05T08:51:51.038Z [auth-service] INFO: ✅ RabbitMQ connection and channel established
2025-08-05T08:51:51.043Z [auth-service] INFO: 📡 Setting up points event consumers...
2025-08-05T08:51:51.152Z [auth-service] INFO: ✅ Points event consumers setup complete
2025-08-05T08:51:51.191Z [auth-service] INFO: ✅ Auth Service fully operational on port 3001
2025-08-05T08:51:51.196Z [auth-service] INFO: 📊 Health check: http://localhost:3001/health
2025-08-05T08:53:23.813Z [auth-service] INFO: 🚀 Initializing Auth Service...
2025-08-05T08:53:23.827Z [auth-service] INFO: 📦 Connecting to MongoDB...
2025-08-05T08:53:23.832Z [auth-service] INFO: MongoDB connection attempt 1/5
2025-08-05T08:53:24.417Z [auth-service] INFO: MongoDB connection established
2025-08-05T08:53:24.422Z [auth-service] INFO: ⚡ Connecting to Redis...
2025-08-05T08:53:24.539Z [auth-service] INFO: 🐰 Connecting to RabbitMQ...
2025-08-05T08:53:24.542Z [auth-service] INFO: 🔌 Attempting to connect to RabbitMQ... (attempt 1/5)
2025-08-05T08:53:24.834Z [auth-service] INFO: ✅ RabbitMQ connection and channel established
2025-08-05T08:53:24.851Z [auth-service] INFO: 📡 Setting up points event consumers...
2025-08-05T08:53:24.997Z [auth-service] INFO: ✅ Points event consumers setup complete
2025-08-05T08:53:25.009Z [auth-service] INFO: ✅ Auth Service fully operational on port 3001
2025-08-05T08:53:25.011Z [auth-service] INFO: 📊 Health check: http://localhost:3001/health
