2025-08-06T15:48:17.308Z [auth-service] INFO: 🚀 Initializing Auth Service...
2025-08-06T15:48:17.411Z [auth-service] INFO: 📦 Connecting to MongoDB...
2025-08-06T15:48:17.508Z [auth-service] INFO: MongoDB connection attempt 1/5
2025-08-06T15:48:20.401Z [auth-service] INFO: MongoDB connection established
2025-08-06T15:48:20.430Z [auth-service] INFO: ⚡ Connecting to Redis...
2025-08-06T15:48:21.557Z [auth-service] INFO: 🐰 Connecting to RabbitMQ...
2025-08-06T15:48:21.608Z [auth-service] INFO: 🔌 Attempting to connect to RabbitMQ... (attempt 1/5)
2025-08-06T15:48:23.117Z [auth-service] INFO: ✅ RabbitMQ connection and channel established
2025-08-06T15:48:23.121Z [auth-service] INFO: 📡 Setting up points event consumers...
2025-08-06T15:48:23.203Z [auth-service] INFO: ✅ Points event consumers setup complete
2025-08-06T15:48:23.336Z [auth-service] INFO: ✅ Auth Service fully operational on port 3001
2025-08-06T15:48:23.357Z [auth-service] INFO: 📊 Health check: http://localhost:3001/health
2025-08-06T15:49:54.557Z [auth-service] WARN: MongoDB disconnected
2025-08-06T15:49:55.165Z [auth-service] WARN: ❌ MongoDB disconnected - retrying in 5s
2025-08-06T15:50:01.702Z [auth-service] INFO: MongoDB connection attempt 1/5
2025-08-06T15:50:04.937Z [auth-service] INFO: MongoDB connection established
2025-08-06T15:54:12.183Z [auth-service] INFO: 🛑 SIGTERM received, shutting down gracefully
2025-08-06T15:54:12.297Z [auth-service] INFO: 🛑 SIGINT received, shutting down gracefully
2025-08-06T15:54:12.393Z [auth-service] ERROR: ❌ Error closing RabbitMQ connections: Channel closing
2025-08-06T15:54:12.631Z [auth-service] WARN: MongoDB disconnected
2025-08-06T15:54:12.736Z [auth-service] WARN: ❌ MongoDB disconnected - retrying in 5s
2025-08-06T15:54:12.788Z [auth-service] WARN: MongoDB disconnected
2025-08-06T16:27:56.353Z [auth-service] INFO: 🚀 Initializing Auth Service...
2025-08-06T16:27:56.370Z [auth-service] INFO: 📦 Connecting to MongoDB...
2025-08-06T16:27:56.372Z [auth-service] INFO: MongoDB connection attempt 1/5
2025-08-06T16:27:57.318Z [auth-service] INFO: MongoDB connection established
2025-08-06T16:27:57.347Z [auth-service] INFO: ⚡ Connecting to Redis...
2025-08-06T16:27:57.636Z [auth-service] INFO: 🐰 Connecting to RabbitMQ...
2025-08-06T16:27:57.637Z [auth-service] INFO: 🔌 Attempting to connect to RabbitMQ... (attempt 1/5)
2025-08-06T16:27:57.900Z [auth-service] INFO: ✅ RabbitMQ connection and channel established
2025-08-06T16:27:57.902Z [auth-service] INFO: 📡 Setting up points event consumers...
2025-08-06T16:27:57.953Z [auth-service] INFO: ✅ Points event consumers setup complete
2025-08-06T16:27:57.972Z [auth-service] INFO: ✅ Auth Service fully operational on port 3001
2025-08-06T16:27:57.977Z [auth-service] INFO: 📊 Health check: http://localhost:3001/health
2025-08-06T20:05:16.006Z [auth-service] WARN: MongoDB disconnected
2025-08-06T20:05:16.993Z [auth-service] WARN: ❌ MongoDB disconnected - retrying in 5s
2025-08-06T20:05:22.943Z [auth-service] INFO: MongoDB connection attempt 1/5
2025-08-06T20:05:33.741Z [auth-service] INFO: MongoDB connection established
2025-08-06T20:06:55.903Z [auth-service] WARN: MongoDB disconnected
2025-08-06T20:06:57.532Z [auth-service] WARN: ❌ MongoDB disconnected - retrying in 5s
2025-08-06T20:06:57.535Z [auth-service] WARN: MongoDB disconnected
2025-08-06T20:07:02.539Z [auth-service] INFO: MongoDB connection attempt 1/5
2025-08-06T20:07:13.125Z [auth-service] INFO: MongoDB connection established
2025-08-06T20:50:27.099Z [auth-service] WARN: MongoDB disconnected
2025-08-06T20:50:30.984Z [auth-service] WARN: ❌ MongoDB disconnected - retrying in 5s
2025-08-06T20:50:30.999Z [auth-service] WARN: MongoDB disconnected
2025-08-06T20:50:31.052Z [auth-service] WARN: MongoDB disconnected
2025-08-06T20:50:36.125Z [auth-service] INFO: MongoDB connection attempt 1/5
2025-08-06T20:50:46.083Z [auth-service] INFO: MongoDB connection established
2025-08-06T21:00:32.319Z [auth-service] WARN: MongoDB disconnected
2025-08-06T21:00:33.405Z [auth-service] WARN: ❌ MongoDB disconnected - retrying in 5s
2025-08-06T21:00:33.578Z [auth-service] WARN: MongoDB disconnected
2025-08-06T21:00:33.648Z [auth-service] WARN: MongoDB disconnected
2025-08-06T21:00:33.651Z [auth-service] WARN: MongoDB disconnected
2025-08-06T21:00:38.702Z [auth-service] INFO: MongoDB connection attempt 1/5
2025-08-06T21:00:43.751Z [auth-service] INFO: MongoDB connection established
