2025-08-03T09:03:22.666Z [auth-service] INFO: 🚀 Initializing Auth Service...
2025-08-03T09:03:22.670Z [auth-service] INFO: 📦 Connecting to MongoDB...
2025-08-03T09:03:22.674Z [auth-service] INFO: MongoDB connection attempt 1/5
2025-08-03T09:03:22.902Z [auth-service] INFO: MongoDB connection established
2025-08-03T09:03:22.903Z [auth-service] INFO: ⚡ Connecting to Redis...
2025-08-03T09:03:22.942Z [auth-service] INFO: 🐰 Connecting to RabbitMQ...
2025-08-03T09:03:22.943Z [auth-service] INFO: 🔌 Attempting to connect to RabbitMQ... (attempt 1/5)
2025-08-03T09:03:23.038Z [auth-service] INFO: ✅ RabbitMQ connection and channel established
2025-08-03T09:03:23.039Z [auth-service] INFO: 📡 Setting up points event consumers...
2025-08-03T09:03:23.054Z [auth-service] INFO: ✅ Points event consumers setup complete
2025-08-03T09:03:23.060Z [auth-service] INFO: ✅ Auth Service fully operational on port 3001
2025-08-03T09:03:23.061Z [auth-service] INFO: 📊 Health check: http://localhost:3001/health
2025-08-03T09:10:04.892Z [auth-service] INFO: 🛑 SIGTERM received, shutting down gracefully
2025-08-03T09:10:04.965Z [auth-service] INFO: 🛑 SIGINT received, shutting down gracefully
2025-08-03T09:13:05.544Z [auth-service] INFO: 🚀 Initializing Auth Service...
2025-08-03T09:13:05.552Z [auth-service] INFO: 📦 Connecting to MongoDB...
2025-08-03T09:13:05.554Z [auth-service] INFO: MongoDB connection attempt 1/5
2025-08-03T09:13:06.353Z [auth-service] INFO: MongoDB connection established
2025-08-03T09:13:06.359Z [auth-service] INFO: ⚡ Connecting to Redis...
2025-08-03T09:13:06.643Z [auth-service] INFO: 🐰 Connecting to RabbitMQ...
2025-08-03T09:13:06.644Z [auth-service] INFO: 🔌 Attempting to connect to RabbitMQ... (attempt 1/5)
2025-08-03T09:13:06.809Z [auth-service] INFO: ✅ RabbitMQ connection and channel established
2025-08-03T09:13:06.817Z [auth-service] INFO: 📡 Setting up points event consumers...
2025-08-03T09:13:06.843Z [auth-service] INFO: ✅ Points event consumers setup complete
2025-08-03T09:13:06.863Z [auth-service] INFO: ✅ Auth Service fully operational on port 3001
2025-08-03T09:13:06.866Z [auth-service] INFO: 📊 Health check: http://localhost:3001/health
2025-08-03T10:59:11.367Z [auth-service] INFO: 🛑 SIGTERM received, shutting down gracefully
2025-08-03T10:59:11.733Z [auth-service] INFO: 🛑 SIGINT received, shutting down gracefully
2025-08-03T10:59:11.812Z [auth-service] ERROR: ❌ Error closing RabbitMQ connections: Channel closing
2025-08-03T10:59:12.414Z [auth-service] WARN: MongoDB disconnected
2025-08-03T10:59:12.416Z [auth-service] WARN: ❌ MongoDB disconnected - retrying in 5s
2025-08-03T11:39:38.962Z [auth-service] INFO: 🚀 Initializing Auth Service...
2025-08-03T11:39:38.982Z [auth-service] INFO: 📦 Connecting to MongoDB...
2025-08-03T11:39:38.984Z [auth-service] INFO: MongoDB connection attempt 1/5
2025-08-03T11:39:40.020Z [auth-service] INFO: MongoDB connection established
2025-08-03T11:39:40.025Z [auth-service] INFO: ⚡ Connecting to Redis...
2025-08-03T11:39:40.207Z [auth-service] INFO: 🐰 Connecting to RabbitMQ...
2025-08-03T11:39:40.209Z [auth-service] INFO: 🔌 Attempting to connect to RabbitMQ... (attempt 1/5)
2025-08-03T11:39:40.546Z [auth-service] INFO: ✅ RabbitMQ connection and channel established
2025-08-03T11:39:40.571Z [auth-service] INFO: 📡 Setting up points event consumers...
2025-08-03T11:39:40.621Z [auth-service] INFO: ✅ Points event consumers setup complete
2025-08-03T11:39:40.628Z [auth-service] INFO: ✅ Auth Service fully operational on port 3001
2025-08-03T11:39:40.629Z [auth-service] INFO: 📊 Health check: http://localhost:3001/health
2025-08-03T11:52:28.350Z [auth-service] INFO: 🛑 SIGTERM received, shutting down gracefully
2025-08-03T11:52:28.585Z [auth-service] INFO: 🛑 SIGINT received, shutting down gracefully
2025-08-03T11:52:28.632Z [auth-service] ERROR: ❌ Error closing RabbitMQ connections: Channel closing
2025-08-03T11:52:28.935Z [auth-service] WARN: MongoDB disconnected
2025-08-03T11:52:28.936Z [auth-service] WARN: ❌ MongoDB disconnected - retrying in 5s
2025-08-03T12:03:00.153Z [auth-service] INFO: 🚀 Initializing Auth Service...
2025-08-03T12:03:00.157Z [auth-service] INFO: 📦 Connecting to MongoDB...
2025-08-03T12:03:00.158Z [auth-service] INFO: MongoDB connection attempt 1/5
2025-08-03T12:03:00.401Z [auth-service] INFO: MongoDB connection established
2025-08-03T12:03:00.402Z [auth-service] INFO: ⚡ Connecting to Redis...
2025-08-03T12:03:00.455Z [auth-service] INFO: 🐰 Connecting to RabbitMQ...
2025-08-03T12:03:00.456Z [auth-service] INFO: 🔌 Attempting to connect to RabbitMQ... (attempt 1/5)
2025-08-03T12:03:00.578Z [auth-service] INFO: ✅ RabbitMQ connection and channel established
2025-08-03T12:03:00.579Z [auth-service] INFO: 📡 Setting up points event consumers...
2025-08-03T12:03:00.587Z [auth-service] INFO: ✅ Points event consumers setup complete
2025-08-03T12:03:00.593Z [auth-service] INFO: ✅ Auth Service fully operational on port 3001
2025-08-03T12:03:00.593Z [auth-service] INFO: 📊 Health check: http://localhost:3001/health
2025-08-03T12:08:53.059Z [auth-service] INFO: 🛑 SIGTERM received, shutting down gracefully
2025-08-03T12:08:53.097Z [auth-service] INFO: 🛑 SIGINT received, shutting down gracefully
2025-08-03T12:10:26.799Z [auth-service] INFO: 🚀 Initializing Auth Service...
2025-08-03T12:10:26.806Z [auth-service] INFO: 📦 Connecting to MongoDB...
2025-08-03T12:10:26.808Z [auth-service] INFO: MongoDB connection attempt 1/5
2025-08-03T12:10:27.874Z [auth-service] INFO: MongoDB connection established
2025-08-03T12:10:27.915Z [auth-service] INFO: ⚡ Connecting to Redis...
2025-08-03T12:10:28.135Z [auth-service] INFO: 🐰 Connecting to RabbitMQ...
2025-08-03T12:10:28.139Z [auth-service] INFO: 🔌 Attempting to connect to RabbitMQ... (attempt 1/5)
2025-08-03T12:10:29.873Z [auth-service] INFO: ✅ RabbitMQ connection and channel established
2025-08-03T12:10:29.874Z [auth-service] INFO: 📡 Setting up points event consumers...
2025-08-03T12:10:30.097Z [auth-service] INFO: ✅ Points event consumers setup complete
2025-08-03T12:10:30.222Z [auth-service] INFO: ✅ Auth Service fully operational on port 3001
2025-08-03T12:10:30.253Z [auth-service] INFO: 📊 Health check: http://localhost:3001/health
2025-08-03T15:40:30.625Z [auth-service] WARN: RabbitMQ connection closed
2025-08-03T15:41:03.256Z [auth-service] INFO: 🛑 SIGTERM received, shutting down gracefully
2025-08-03T15:41:03.446Z [auth-service] INFO: ✅ RabbitMQ connections closed gracefully
2025-08-03T15:41:08.346Z [auth-service] WARN: MongoDB disconnected
2025-08-03T15:41:08.353Z [auth-service] WARN: ❌ MongoDB disconnected - retrying in 5s
2025-08-03T15:53:40.234Z [auth-service] INFO: 🚀 Initializing Auth Service...
2025-08-03T15:53:40.243Z [auth-service] INFO: 📦 Connecting to MongoDB...
2025-08-03T15:53:40.244Z [auth-service] INFO: MongoDB connection attempt 1/5
2025-08-03T15:53:40.474Z [auth-service] INFO: MongoDB connection established
2025-08-03T15:53:40.478Z [auth-service] INFO: ⚡ Connecting to Redis...
2025-08-03T15:53:40.576Z [auth-service] INFO: 🐰 Connecting to RabbitMQ...
2025-08-03T15:53:40.578Z [auth-service] INFO: 🔌 Attempting to connect to RabbitMQ... (attempt 1/5)
2025-08-03T15:53:40.911Z [auth-service] INFO: ✅ RabbitMQ connection and channel established
2025-08-03T15:53:40.913Z [auth-service] INFO: 📡 Setting up points event consumers...
2025-08-03T15:53:40.935Z [auth-service] INFO: ✅ Points event consumers setup complete
2025-08-03T15:53:40.944Z [auth-service] INFO: ✅ Auth Service fully operational on port 3001
2025-08-03T15:53:40.945Z [auth-service] INFO: 📊 Health check: http://localhost:3001/health
2025-08-03T20:10:29.980Z [auth-service] INFO: 🛑 SIGTERM received, shutting down gracefully
2025-08-03T20:10:30.997Z [auth-service] INFO: 🛑 SIGINT received, shutting down gracefully
2025-08-03T20:10:31.728Z [auth-service] ERROR: ❌ Error closing RabbitMQ connections: Channel closing
2025-08-03T20:10:33.326Z [auth-service] WARN: MongoDB disconnected
2025-08-03T20:10:33.330Z [auth-service] WARN: ❌ MongoDB disconnected - retrying in 5s
