2025-08-07T07:04:29.691Z [auth-service] INFO: 🚀 Initializing Auth Service...
2025-08-07T07:04:29.696Z [auth-service] INFO: 📦 Connecting to MongoDB...
2025-08-07T07:04:29.697Z [auth-service] INFO: MongoDB connection attempt 1/5
2025-08-07T07:04:29.906Z [auth-service] INFO: MongoDB connection established
2025-08-07T07:04:29.907Z [auth-service] INFO: ⚡ Connecting to Redis...
2025-08-07T07:04:29.945Z [auth-service] INFO: 🐰 Connecting to RabbitMQ...
2025-08-07T07:04:29.946Z [auth-service] INFO: 🔌 Attempting to connect to RabbitMQ... (attempt 1/5)
2025-08-07T07:04:30.047Z [auth-service] INFO: ✅ RabbitMQ connection and channel established
2025-08-07T07:04:30.049Z [auth-service] INFO: 📡 Setting up points event consumers...
2025-08-07T07:04:30.063Z [auth-service] INFO: ✅ Points event consumers setup complete
2025-08-07T07:04:30.068Z [auth-service] INFO: ✅ Auth Service fully operational on port 3001
2025-08-07T07:04:30.069Z [auth-service] INFO: 📊 Health check: http://localhost:3001/health
2025-08-07T07:04:59.887Z [auth-service] INFO: 🛑 SIGTERM received, shutting down gracefully
2025-08-07T07:04:59.950Z [auth-service] INFO: 🛑 SIGINT received, shutting down gracefully
2025-08-07T07:04:59.960Z [auth-service] ERROR: ❌ Error closing RabbitMQ connections: Channel closing
2025-08-07T07:04:59.990Z [auth-service] WARN: MongoDB disconnected
2025-08-07T07:04:59.991Z [auth-service] WARN: ❌ MongoDB disconnected - retrying in 5s
2025-08-07T07:06:49.617Z [auth-service] INFO: 🚀 Initializing Auth Service...
2025-08-07T07:06:49.633Z [auth-service] INFO: 📦 Connecting to MongoDB...
2025-08-07T07:06:49.633Z [auth-service] INFO: MongoDB connection attempt 1/5
2025-08-07T07:06:50.576Z [auth-service] INFO: MongoDB connection established
2025-08-07T07:06:50.577Z [auth-service] INFO: ⚡ Connecting to Redis...
2025-08-07T07:06:50.652Z [auth-service] INFO: 🐰 Connecting to RabbitMQ...
2025-08-07T07:06:50.654Z [auth-service] INFO: 🔌 Attempting to connect to RabbitMQ... (attempt 1/5)
2025-08-07T07:06:50.843Z [auth-service] INFO: ✅ RabbitMQ connection and channel established
2025-08-07T07:06:50.849Z [auth-service] INFO: 📡 Setting up points event consumers...
2025-08-07T07:06:50.908Z [auth-service] INFO: ✅ Points event consumers setup complete
2025-08-07T07:06:50.922Z [auth-service] INFO: ✅ Auth Service fully operational on port 3001
2025-08-07T07:06:50.923Z [auth-service] INFO: 📊 Health check: http://localhost:3001/health
2025-08-07T07:07:30.890Z [auth-service] INFO: 🛑 SIGTERM received, shutting down gracefully
2025-08-07T07:07:30.928Z [auth-service] INFO: 🛑 SIGINT received, shutting down gracefully
2025-08-07T14:49:19.330Z [auth-service] INFO: 🚀 Initializing Auth Service...
2025-08-07T14:49:19.334Z [auth-service] INFO: 📦 Connecting to MongoDB...
2025-08-07T14:49:19.335Z [auth-service] INFO: MongoDB connection attempt 1/5
2025-08-07T14:49:19.551Z [auth-service] INFO: MongoDB connection established
2025-08-07T14:49:19.553Z [auth-service] INFO: ⚡ Connecting to Redis...
2025-08-07T14:49:19.637Z [auth-service] INFO: 🐰 Connecting to RabbitMQ...
2025-08-07T14:49:19.639Z [auth-service] INFO: 🔌 Attempting to connect to RabbitMQ... (attempt 1/5)
2025-08-07T14:49:19.794Z [auth-service] INFO: ✅ RabbitMQ connection and channel established
2025-08-07T14:49:19.795Z [auth-service] INFO: 📡 Setting up points event consumers...
2025-08-07T14:49:19.818Z [auth-service] INFO: ✅ Points event consumers setup complete
2025-08-07T14:49:19.829Z [auth-service] INFO: ✅ Auth Service fully operational on port 3001
2025-08-07T14:49:19.832Z [auth-service] INFO: 📊 Health check: http://localhost:3001/health
2025-08-07T14:53:52.555Z [auth-service] WARN: RabbitMQ connection closed
2025-08-07T14:54:02.663Z [auth-service] INFO: 🛑 SIGTERM received, shutting down gracefully
2025-08-07T14:54:02.665Z [auth-service] INFO: ✅ RabbitMQ connections closed gracefully
2025-08-07T14:54:02.711Z [auth-service] WARN: MongoDB disconnected
2025-08-07T14:54:02.712Z [auth-service] WARN: ❌ MongoDB disconnected - retrying in 5s
2025-08-07T15:20:32.335Z [auth-service] INFO: 🚀 Initializing Auth Service...
2025-08-07T15:20:32.344Z [auth-service] INFO: 📦 Connecting to MongoDB...
2025-08-07T15:20:32.345Z [auth-service] INFO: MongoDB connection attempt 1/5
2025-08-07T15:20:32.825Z [auth-service] INFO: MongoDB connection established
2025-08-07T15:20:32.828Z [auth-service] INFO: ⚡ Connecting to Redis...
2025-08-07T15:20:33.035Z [auth-service] INFO: 🐰 Connecting to RabbitMQ...
2025-08-07T15:20:33.041Z [auth-service] INFO: 🔌 Attempting to connect to RabbitMQ... (attempt 1/5)
2025-08-07T15:20:33.343Z [auth-service] INFO: ✅ RabbitMQ connection and channel established
2025-08-07T15:20:33.344Z [auth-service] INFO: 📡 Setting up points event consumers...
2025-08-07T15:20:33.378Z [auth-service] INFO: ✅ Points event consumers setup complete
2025-08-07T15:20:33.389Z [auth-service] INFO: ✅ Auth Service fully operational on port 3001
2025-08-07T15:20:33.391Z [auth-service] INFO: 📊 Health check: http://localhost:3001/health
2025-08-07T15:21:28.140Z [auth-service] INFO: 🛑 SIGTERM received, shutting down gracefully
2025-08-07T15:21:28.145Z [auth-service] INFO: 🛑 SIGINT received, shutting down gracefully
2025-08-07T15:21:28.149Z [auth-service] ERROR: ❌ Error closing RabbitMQ connections: Channel closing
2025-08-07T15:21:28.170Z [auth-service] WARN: MongoDB disconnected
2025-08-07T15:21:28.171Z [auth-service] WARN: ❌ MongoDB disconnected - retrying in 5s
2025-08-07T15:23:28.908Z [auth-service] INFO: 🚀 Initializing Auth Service...
2025-08-07T15:23:28.928Z [auth-service] INFO: 📦 Connecting to MongoDB...
2025-08-07T15:23:28.957Z [auth-service] INFO: MongoDB connection attempt 1/5
2025-08-07T15:23:29.989Z [auth-service] INFO: MongoDB connection established
2025-08-07T15:23:29.997Z [auth-service] INFO: ⚡ Connecting to Redis...
2025-08-07T15:23:30.295Z [auth-service] INFO: 🐰 Connecting to RabbitMQ...
2025-08-07T15:23:30.297Z [auth-service] INFO: 🔌 Attempting to connect to RabbitMQ... (attempt 1/5)
2025-08-07T15:23:30.698Z [auth-service] INFO: ✅ RabbitMQ connection and channel established
2025-08-07T15:23:30.704Z [auth-service] INFO: 📡 Setting up points event consumers...
2025-08-07T15:23:30.865Z [auth-service] INFO: ✅ Points event consumers setup complete
2025-08-07T15:23:30.877Z [auth-service] INFO: ✅ Auth Service fully operational on port 3001
2025-08-07T15:23:30.879Z [auth-service] INFO: 📊 Health check: http://localhost:3001/health
2025-08-07T17:47:01.554Z [auth-service] INFO: 🛑 SIGTERM received, shutting down gracefully
2025-08-07T17:47:02.286Z [auth-service] INFO: 🛑 SIGINT received, shutting down gracefully
2025-08-07T21:31:19.791Z [auth-service] INFO: 🚀 Initializing Auth Service...
2025-08-07T21:31:19.802Z [auth-service] INFO: 📦 Connecting to MongoDB...
2025-08-07T21:31:19.804Z [auth-service] INFO: MongoDB connection attempt 1/5
2025-08-07T21:31:20.230Z [auth-service] INFO: MongoDB connection established
2025-08-07T21:31:20.232Z [auth-service] INFO: ⚡ Connecting to Redis...
2025-08-07T21:31:20.333Z [auth-service] INFO: 🐰 Connecting to RabbitMQ...
2025-08-07T21:31:20.334Z [auth-service] INFO: 🔌 Attempting to connect to RabbitMQ... (attempt 1/5)
2025-08-07T21:31:20.484Z [auth-service] INFO: ✅ RabbitMQ connection and channel established
2025-08-07T21:31:20.486Z [auth-service] INFO: 📡 Setting up points event consumers...
2025-08-07T21:31:20.515Z [auth-service] INFO: ✅ Points event consumers setup complete
2025-08-07T21:31:20.524Z [auth-service] INFO: ✅ Auth Service fully operational on port 3001
2025-08-07T21:31:20.526Z [auth-service] INFO: 📊 Health check: http://localhost:3001/health
2025-08-07T22:02:39.229Z [auth-service] WARN: MongoDB disconnected
2025-08-07T22:02:39.743Z [auth-service] WARN: ❌ MongoDB disconnected - retrying in 5s
2025-08-07T22:02:40.547Z [auth-service] WARN: RabbitMQ connection closed
2025-08-07T22:20:52.592Z [auth-service] INFO: 🚀 Initializing Auth Service...
2025-08-07T22:20:52.622Z [auth-service] INFO: 📦 Connecting to MongoDB...
2025-08-07T22:20:52.624Z [auth-service] INFO: MongoDB connection attempt 1/5
2025-08-07T22:20:55.216Z [auth-service] INFO: MongoDB connection established
2025-08-07T22:20:55.220Z [auth-service] INFO: ⚡ Connecting to Redis...
2025-08-07T22:20:55.502Z [auth-service] INFO: 🐰 Connecting to RabbitMQ...
2025-08-07T22:20:55.507Z [auth-service] INFO: 🔌 Attempting to connect to RabbitMQ... (attempt 1/5)
2025-08-07T22:20:56.164Z [auth-service] INFO: ✅ RabbitMQ connection and channel established
2025-08-07T22:20:56.170Z [auth-service] INFO: 📡 Setting up points event consumers...
2025-08-07T22:20:56.910Z [auth-service] INFO: ✅ Points event consumers setup complete
2025-08-07T22:20:57.016Z [auth-service] INFO: ✅ Auth Service fully operational on port 3001
2025-08-07T22:20:57.023Z [auth-service] INFO: 📊 Health check: http://localhost:3001/health
2025-08-07T23:10:08.845Z [auth-service] INFO: 🛑 SIGTERM received, shutting down gracefully
2025-08-07T23:10:08.932Z [auth-service] WARN: RabbitMQ connection closed
